GC日志分析
---
* 参考:[GC算法: 实现](https://plumbr.io/handbook/garbage-collection-algorithms-implementations)
## Parallel Scavenge + Parallel Old
* 参考:[GC算法: Parallel GC实现](https://plumbr.io/handbook/garbage-collection-algorithms-implementations#parallel-gc)
### JVM 启动参数
  `java -Xms20M -Xmx20M -XX:+PrintGCDetails -XX:+PrintGCDateStamps -XX:+PrintGCTimeStamps -XX:+UseParallelGC -XX:+UseParallelOldGC FullGC_Problem01`
### PS GC (Minor GC)日志分析
  ```java
  2022-07-22T10:49:08.604+0800: 48.470: [GC (Allocation Failure) [PSYoungGen: 6125K->493K(6144K)] 13717K->10645K(19968K), 0.0050741 secs] [Times: user=0.02 sys=0.00, real=0.01 secs] 
  //日期时间戳: 2022-07-22T10:49:08.604+0800
  //GC事件启动的时间，相对于JVM启动时间。以秒为单位来衡量: 48.470
  //GC原因:分配失败 [GC (Allocation Failure)
  //年轻代回收前后堆空间占用(堆大小): [PSYoungGen: 6125K->493K(6144K)] 
  //整个堆回收前后堆空间占用(堆大小): 13717K->10645K(19968K)
  //耗时: 0.0050741 secs]
  ```
### PO GC (Major GC)日志分析
  ```java
  2022-07-22T10:49:08.610+0800: 48.475: [Full GC (Ergonomics) [PSYoungGen: 493K->0K(6144K)] [ParOldGen: 10152K->10425K(13824K)] 10645K->10425K(19968K), [Metaspace: 4444K->4437K(1056768K)], 0.1996143 secs] [Times: user=0.73 sys=0.00, real=0.20 secs] 
  //GC原因: [Full GC (Ergonomics) Full GC的原因。这表明JVM内部人体工程学认为这是收集一些垃圾的正确时机。
  //Young GC 回收前后堆空间占用(堆大小): [PSYoungGen: 493K->0K(6144K)]
  //Old GC 回收前后堆空间占用(堆大小): [ParOldGen: 10152K->10425K(13824K)]
  //元空间回收前后堆空间占用(堆大小): [Metaspace: 4444K->4437K(1056768K)]
  ```
### Heap Info 堆栈信息日志
  ```java
  Heap
  PSYoungGen      total 6144K, used 5632K [0x00000000ff980000, 0x0000000100000000, 0x0000000100000000)
    eden space 5632K, 100% used [0x00000000ff980000,0x00000000fff00000,0x00000000fff00000)
    from space 512K, 0% used [0x00000000fff00000,0x00000000fff00000,0x00000000fff80000)
    to   space 512K, 0% used [0x00000000fff80000,0x00000000fff80000,0x0000000100000000)
  ParOldGen       total 13824K, used 13756K [0x00000000fec00000, 0x00000000ff980000, 0x00000000ff980000)
    object space 13824K, 99% used [0x00000000fec00000,0x00000000ff96f118,0x00000000ff980000)
  Metaspace       used 4434K, capacity 4652K, committed 4864K, reserved 1056768K
    class space    used 419K, capacity 455K, committed 512K, reserved 1048576K

  ```
## CMS
* 参考:[GC算法: CMS实现](https://plumbr.io/handbook/garbage-collection-algorithms-implementations#concurrent-mark-and-sweep)
### JVM 启动参数

  `java -Xms20M -Xmx20M -XX:+PrintGCDetails -XX:+UseConcMarkSweepGC FullGC_Problem01`
### ParNew GC (Minor GC)日志分析
  ```java
  [GC (Allocation Failure) [ParNew: 6144K->640K(6144K), 0.0169892 secs] 11666K->9073K(19840K), 0.0170438 secs] [Times: user=0.06 sys=0.01, real=0.02 secs]
  //GC 原因:分配失败 ParNew 年轻代: 6144K->640K 收集前后的对比, (6144K) 整个年轻代容量, 耗时 0.0169892 secs
  //整个堆收集前后对比: 11666K->9073K, 整个堆大小 (19840K), 耗时: 0.0170438 secs
  ```
### CMS GC (Major GC)日志分析
  ```java
  [GC (CMS Initial Mark) [1 CMS-initial-mark: 8433K(13696K)] 9073K(19840K), 0.1206642 secs] [Times: user=0.00 sys=0.41, real=0.12 secs] 
  //CMS初始标记 STW 老年代占用(最大): 8433K(13696K) 整个堆占用(最大):9073K(19840K)  
  [CMS-concurrent-mark-start]
  [CMS-concurrent-mark: 0.010/0.010 secs] [Times: user=0.00 sys=0.01, real=0.01 secs] 
  //并发标记
  [CMS-concurrent-preclean-start]
  [CMS-concurrent-preclean: 0.000/0.000 secs] [Times: user=0.00 sys=0.00, real=0.00 secs] 
  //并发预清理 标记Card为Dirty，也称为Card Marking
  [GC (CMS Final Remark) [YG occupancy: 1161 K (6144 K)][Rescan (parallel) , 0.0219857 secs][weak refs processing, 0.0000517 secs][class unloading, 0.0006891 secs][scrub symbol table, 0.0005236 secs][scrub string table, 0.0001015 secs][1 CMS-remark: 8433K(13696K)] 9594K(19840K), 0.0235299 secs] [Times: user=0.06 sys=0.00, real=0.02 secs] 
  //最终标记(重标记) STW
  //年轻代占用(容量): YG occupancy: 1161 K (6144 K)
  //STW下的存活对象标记: [Rescan (parallel)
  //弱引用处理: weak refs processing
  //卸载class: class unloading
  //清理包含类级元数据和内部化字符串 :scrub string table
  //阶段过后的老年代占用(容量): 1 CMS-remark: 8433K(13696K) 
  //阶段过后的堆占用(容量): 9594K(19840K)
  [CMS-concurrent-sweep-start]
  [CMS-concurrent-sweep: 0.003/0.003 secs] [Times: user=0.01 sys=0.00, real=0.01 secs] 
  //并发清理
  [CMS-concurrent-reset-start]
  [CMS-concurrent-reset: 0.000/0.000 secs] [Times: user=0.00 sys=0.00, real=0.00 secs]
  //重置内部结构, 为下次GC做准备
  ```
### CMS GC 堆空间被耗尽的情况
  ```java
  [GC (Allocation Failure) [ParNew: 6143K->6143K(6144K), 0.0000234 secs][CMS: 13695K->13695K(13696K), 0.0529272 secs] 19839K->19833K(19840K), [Metaspace: 4461K->4461K(1056768K)], 0.0530119 secs] [Times: user=0.05 sys=0.01, real=0.05 secs] 
  //可以看出执行GC后依然 ParNew 年轻代空间已满, CMS 老年代空间已满, 整堆空间也已满
  [GC (CMS Initial Mark) [1 CMS-initial-mark: 13695K(13696K)] 19833K(19840K), 0.0051743 secs] [Times: user=0.00 sys=0.00, real=0.00 secs] 
  ```
## G1
* 参考:[GC算法: G1 实现](https://plumbr.io/handbook/garbage-collection-algorithms-implementations#g1)
### JVM 启动参数

  `java -Xms20M -Xmx20M -XX:+PrintGCDetails -XX:+UseG1GC -XX:+PrintHeapAtGC -XX:+PrintAdaptiveSizePolicy FullGC_Problem01`
### Young GC日志分析
  ```java
  {Heap before GC invocations=2 (full 0):
  garbage-first heap   total 20480K, used 13860K [0x00000000fec00000, 0x00000000fed000a0, 0x0000000100000000)
    region size 1024K, 9 young (9216K), 2 survivors (2048K)
  // 表示使用了G1垃圾收集器,total heap 20480K,使用了13860K
  // Region大小为1M,青年代占用了9个（共9216K）,幸存区占用了2个（共2048K） 
  Metaspace       used 4444K, capacity 4662K, committed 4864K, reserved 1056768K
  class space    used 421K, capacity 460K, committed 512K, reserved 1048576K
  // 元数据区, 之所以有committed和reserved,是因为没有设置MetaspaceSize=MaxMetaspaceSize
  [GC pause (G1 Evacuation Pause) (young) 42.909: [G1Ergonomics (CSet Construction) start choosing CSet, _pending_cards: 6973, predicted base time: 49.26 ms, remaining time: 150.74 ms, target pause time: 200.00 ms]
  // 发生minor GC和full GC时,所有相关region都是要回收的。而发生并发GC时,会根据目标停顿时间动态选择部分垃圾对并多的Region回收,这一步就是选择Region。
  // _pending_cards是关于RSet的Card Table
  // predicted base time是预测的扫描card table时间
  // remaining time 剩余时间
  // target pause time 目标暂停时间
  42.909: [G1Ergonomics (CSet Construction) add young regions to CSet, eden: 7 regions, survivors: 2 regions, predicted young region time: 62.84 ms]
  // 添加年轻 Region 到CSet, eden区 7个, 幸存区 2个, 预计收集时间 62.84 ms
  42.909: [G1Ergonomics (CSet Construction) finish choosing CSet, eden: 7 regions, survivors: 2 regions, old: 0 regions, predicted pause time: 112.10 ms, target pause time: 200.00 ms]
  // 对上面两步的总结 62.84 ms+ 49.26 ms = 112.10 ms
  42.916: [G1Ergonomics (Concurrent Cycles) request concurrent cycle initiation, reason: occupancy higher than threshold, occupancy: 9437184 bytes, allocation request: 0 bytes, threshold: 9437175 bytes (45.00 %), source: end of GC]
  , 0.0074489 secs]
  //请求启动并发周期, 原因:占用率高于阈值 -XX:InitiatingHeapOccupancyPercent 默认 45%; 9437184 B > 9437175 B
  [GC pause (G1 Evacuation Pause) (young), 0.0127428 secs]
  // (young) GC原因,新生代minor GC
    [Parallel Time: 10.9 ms, GC Workers: 4]
    // 并行收集, 执行时间 10.9 ms, GC工作线程 4个
        [GC Worker Start (ms): Min: 43809.6, Avg: 43816.0, Max: 43820.5, Diff: 10.8]
        // 收集线程开始的时间 使用的是相对时间,Min是最早开始时间,Avg是平均开始时间,Max是最晚开始时间,Diff是Max-Min
        [Ext Root Scanning (ms): Min: 0.0, Avg: 0.1, Max: 0.4, Diff: 0.4, Sum: 0.5]
        // 扫描Roots花费的时间，Sum表示total cpu time
        [Update RS (ms): Min: 0.0, Avg: 1.2, Max: 4.8, Diff: 4.8, Sum: 4.8]
          [Processed Buffers: Min: 0, Avg: 14.2, Max: 57, Diff: 57, Sum: 57]
        // Update RS (ms)是每个线程花费在更新Remembered Set上的时间
        [Scan RS (ms): Min: 0.0, Avg: 0.0, Max: 0.0, Diff: 0.0, Sum: 0.0]
        // 扫描CS中的region对应的RSet，因为RSet是points-into，所以这样实现避免了扫描old generadion region，但是会产生float garbage(浮动垃圾)
        [Code Root Scanning (ms): Min: 0.0, Avg: 0.0, Max: 0.0, Diff: 0.0, Sum: 0.0]
        // 扫描code root耗时。code root指的是经过JIT编译后的代码里，引用了heap中的对象。引用关系保存在RSet中
        [Object Copy (ms): Min: 0.0, Avg: 2.7, Max: 5.0, Diff: 5.0, Sum: 10.7]
        // 拷贝活的对象到新region的耗时
        [Termination (ms): Min: 0.0, Avg: 0.4, Max: 0.6, Diff: 0.6, Sum: 1.7]
          [Termination Attempts: Min: 1, Avg: 2.2, Max: 4, Diff: 3, Sum: 9]
        // 线程结束，在结束前，它会检查其他线程是否还有未扫描完的引用，如果有，则”偷”过来，完成后再申请结束，这个时间是线程之前互相同步所花费的时间。
        [GC Worker Other (ms): Min: 0.0, Avg: 0.0, Max: 0.0, Diff: 0.0, Sum: 0.0]
        // 花费在其他工作上（未列出）的时间
        [GC Worker Total (ms): Min: 0.0, Avg: 4.5, Max: 10.9, Diff: 10.9, Sum: 17.9]
        // 每个线程花费的时间和
        [GC Worker End (ms): Min: 43820.5, Avg: 43820.5, Max: 43820.5, Diff: 0.0]
        // 每个线程结束的时间
    [Code Root Fixup: 0.0 ms]
    // 用来将code root修正到正确的evacuate(清理)之后的对象位置所花费的时间
    [Code Root Purge: 0.0 ms]
    // 清除code root的耗时，code root中的引用已经失效，不再指向Region中的对象，所以需要被清除
    [Clear CT: 0.3 ms]
    // 清除card table的耗时
    [Other: 1.5 ms]
        [Choose CSet: 0.0 ms]
        [Ref Proc: 1.1 ms]
        [Ref Enq: 0.0 ms]
        [Redirty Cards: 0.3 ms]
        [Humongous Register: 0.0 ms]
        [Humongous Reclaim: 0.0 ms]
        [Free CSet: 0.0 ms]
    // 其他事项共耗时，其他事项包括选择CSet，处理已用对象，引用入ReferenceQueues，释放CSet中的region到free list
    [Eden: 7168.0K(7168.0K)->0.0B(4096.0K) Survivors: 2048.0K->2048.0K Heap: 13860.5K(20480.0K)->11264.0K(20480.0K)]
    // 新生代清空了，下次压缩到 4096.0K(这里也有可能是扩容) 这里体现了G1自动调整Eden的功能
  Heap after GC invocations=3 (full 0):
  garbage-first heap   total 20480K, used 11264K [0x00000000fec00000, 0x00000000fed000a0, 0x0000000100000000)
    region size 1024K, 2 young (2048K), 2 survivors (2048K)
  Metaspace       used 4444K, capacity 4662K, committed 4864K, reserved 1056768K
  class space    used 421K, capacity 460K, committed 512K, reserved 1048576K
  }
  [Times: user=0.03 sys=0.01, real=0.01 secs]  
  ```
### Mixed GC 日志分析
  因为Mixed GC和Young GC混合在一块, 日志比较多, 这里只节选相关段落
  ```java  
  [GC pause (G1 Evacuation Pause) (young) (initial-mark) 86.215: [G1Ergonomics (CSet Construction) start choosing CSet, _pending_cards: 14357, predicted base time: 20.50 ms, remaining time: 179.50 ms, target pause time: 200.00 ms]
  //(young) (initial-mark)说明Mixed GC已经开始了 
  //初始标记

  [GC concurrent-root-region-scan-start]
  [GC concurrent-root-region-scan-end, 0.0011049 secs]
  //根区域扫描
  [GC concurrent-mark-start]
  [GC concurrent-mark-end, 0.0483836 secs]
  //并发标记
  [GC remark [Finalize Marking, 0.0002671 secs] [GC ref-proc, 0.0001120 secs] [Unloading, 0.0011505 secs], 0.0017705 secs]
  //重标记 (最终标记)
  [Times: user=0.00 sys=0.00, real=0.01 secs] 
  [GC cleanup 19268K->19268K(20480K), 0.0015025 secs]
  //清理
  [Times: user=0.00 sys=0.00, real=0.00 secs] 

  ```
  没有达到Mixed GC启动阈值
  ```java
  [GC pause (G1 Evacuation Pause) (mixed) 54.665: [G1Ergonomics (CSet Construction) start choosing CSet, _pending_cards: 7190, predicted base time: 30.36 ms, remaining time: 169.64 ms, target pause time: 200.00 ms]

   54.674: [G1Ergonomics (Mixed GCs) do not continue mixed GCs, reason: reclaimable percentage not over threshold, candidate old regions: 4 regions, reclaimable: 869480 bytes (4.15 %), threshold: 5.00 %]
   //不启动混合GC，原因:可回收百分比不超过阈值，候选旧区域:4个区域，可回收:869480字节(4.15%)，阈值:5.00%
  ```
  启动Mixed GC
  ```java
  [GC pause (G1 Evacuation Pause) (young) 44.302: [G1Ergonomics (CSet Construction) start choosing CSet, _pending_cards: 6014, predicted base time: 25.96 ms, remaining time: 174.04 ms, target pause time: 200.00 ms]
  //
   44.323: [G1Ergonomics (Mixed GCs) start mixed GCs, reason: candidate old regions available, candidate old regions: 11 regions, reclaimable: 5128416 bytes (24.45 %), threshold: 5.00 %], 0.0215093 secs]
  //启动 Mixed GC 原因:Old区域可用，候选旧区域:11个区域，可回收:5128416字节(24.45%)，阈值:5.00 %

  [GC pause (G1 Evacuation Pause) (mixed) 47.237: [G1Ergonomics (CSet Construction) start choosing CSet, _pending_cards: 7077, predicted base time: 26.70 ms, remaining time: 173.30 ms, target pause time: 200.00 ms]
  //开始选择CSet， _pending_cards: 7077，预测基本时间:26.70 ms，剩余时间:173.30 ms，目标暂停时间:200.00 ms
  47.237: [G1Ergonomics (CSet Construction) add young regions to CSet, eden: 1 regions, survivors: 1 regions, predicted young region time: 38.64 ms]
  47.237: [G1Ergonomics (CSet Construction) finish adding old regions to CSet, reason: old CSet region num reached max, old: 2 regions, max: 2 regions]
  47.237: [G1Ergonomics (CSet Construction) finish choosing CSet, eden: 1 regions, survivors: 1 regions, old: 2 regions, predicted pause time: 77.64 ms, target pause time: 200.00 ms]
  47.243: [G1Ergonomics (Concurrent Cycles) do not request concurrent cycle initiation, reason: still doing mixed collections, occupancy: 15728640 bytes, allocation request: 0 bytes, threshold: 9437175 bytes (45.00 %), source: end of GC]
  47.243: [G1Ergonomics (Mixed GCs) continue mixed GCs, reason: candidate old regions available, candidate old regions: 9 regions, reclaimable: 3350304 bytes (15.98 %), threshold: 5.00 %], 0.0064005 secs]
  //继续 Mixed GC 原因:Old区域可用，候选旧区域:9个区域,可回收:3350304字节(15.98%)，阈值:5.00 %
  ...

  [GC pause (G1 Evacuation Pause) (mixed) 50.000: [G1Ergonomics (CSet Construction) start choosing CSet, _pending_cards: 5907, predicted base time: 20.96 ms, remaining time: 179.04 ms, target pause time: 200.00 ms]
   50.020: [G1Ergonomics (Mixed GCs) continue mixed GCs, reason: candidate old regions available, candidate old regions: 7 regions, reclaimable: 2064024 bytes (9.84 %), threshold: 5.00 %], 0.0195505 secs]
  //继续Mixed GC 可回收: (9.84%)，阈值:5.00 % 
  ...

  [GC pause (G1 Evacuation Pause) (mixed) 52.779: [G1Ergonomics (CSet Construction) start choosing CSet, _pending_cards: 8664, predicted base time: 22.45 ms, remaining time: 177.55 ms, target pause time: 200.00 ms]
  52.837: [G1Ergonomics (Mixed GCs) continue mixed GCs, reason: candidate old regions available, candidate old regions: 5 regions, reclaimable: 1112368 bytes (5.30 %), threshold: 5.00 %], 0.0587982 secs]
  //继续Mixed GC 可回收: (5.30%)，阈值:5.00 %
  ...
  [GC pause (G1 Evacuation Pause) (mixed) 54.665: [G1Ergonomics (CSet Construction) start choosing CSet, _pending_cards: 7190, predicted base time: 30.36 ms, remaining time: 169.64 ms, target pause time: 200.00 ms]
   54.674: [G1Ergonomics (Mixed GCs) do not continue mixed GCs, reason: reclaimable percentage not over threshold, candidate old regions: 4 regions, reclaimable: 869480 bytes (4.15 %), threshold: 5.00 %] (to-space exhausted), 0.0097150 secs]
  //可回收区域低于阈值,不再进行 Mixed GC 可回收:(4.15%), 阈值:5.00%
  ```
### Full GC 日志分析

  > 在G1 GC日志中出现 Full GC 的情况就需要警惕, 要搞清除原因, 如果频繁发生那就一定出现问题
  ```java
  Heap after GC invocations=173 (full 70):
  //GC调用 173次, full GC 触发 70次
  garbage-first heap   total 20480K, used 19591K [0x00000000fec00000, 0x00000000fed000a0, 0x0000000100000000)
  //G1 堆使用信息: 堆大小:20M, 已使用:19.5M
    region size 1024K, 0 young (0K), 0 survivors (0K)
    // Region大小为1M,青年代占用了9个（共9216K）,幸存区占用了2个（共2048K）
  Metaspace       used 4441K, capacity 4652K, committed 4864K, reserved 1056768K
    class space    used 419K, capacity 455K, committed 512K, reserved 1048576K
    //元空间占用:0.5M
  }
  [Times: user=0.11 sys=0.00, real=0.03 secs] 
  [GC concurrent-root-region-scan-start]
  //开始并行根可达 区域搜索
  [GC concurrent-root-region-scan-end, 0.0000155 secs]
  //结束并行根可达 区域搜索
  [GC concurrent-mark-start]
  98.290: [G1Ergonomics (Heap Sizing) attempt heap expansion, reason: allocation request failed, allocation request: 32 bytes]
  //尝试堆扩展，原因:分配请求失败，分配请求:32字节
  98.290: [G1Ergonomics (Heap Sizing) expand the heap, requested expansion amount: 1048576 bytes, attempted expansion amount: 1048576 bytes]
  //扩展堆，请求的扩展量:1048576字节，尝试的扩展量:1048576字节
  98.290: [G1Ergonomics (Heap Sizing) did not expand the heap, reason: heap already fully expanded]
  //没有展开堆，原因:堆已经完全展开 (堆空间已经消耗殆尽)
  {Heap before GC invocations=173 (full 70):
  garbage-first heap   total 20480K, used 19591K [0x00000000fec00000, 0x00000000fed000a0, 0x0000000100000000)
    region size 1024K, 0 young (0K), 0 survivors (0K)
  Metaspace       used 4441K, capacity 4652K, committed 4864K, reserved 1056768K
    class space    used 419K, capacity 455K, committed 512K, reserved 1048576K
  [Full GC (Allocation Failure)  19591K->19591K(20480K), 0.0502592 secs]
  //Full GC 原因:分配失败
    [Eden: 0.0B(1024.0K)->0.0B(1024.0K) Survivors: 0.0B->0.0B Heap: 19591.0K(20480.0K)->19591.0K(20480.0K)], 
    //Eden回收前后堆空间 这里显示没有回收任何空间: Heap: 19591.0K(20480.0K)->19591.0K(20480.0K)
    [Metaspace: 4441K->4441K(1056768K)]
    //元空间回收前后堆空间
  ```
* 老年代堆占用过高导致的Full GC可以通过在日志中找到`Pause Full (Allocation Failure)`字样来检测

  参考:[G1垃圾收集器调优 - 17](https://docs.oracle.com/en/java/javase/17/gctuning/garbage-first-garbage-collector-tuning.html#GUID-90E30ACA-8040-432E-B3A0-1E0440AB556A)